tanigashirayuta@tanigashirayuutanoMacBook-Air ~ % cd /Users/tanigashirayuta/Desktop/git
tanigashirayuta@tanigashirayuutanoMacBook-Air git % mkdir git_challenge
tanigashirayuta@tanigashirayuutanoMacBook-Air git % cd git_challenge
tanigashirayuta@tanigashirayuutanoMacBook-Air git_challenge % git init
Initialized empty Git repository in /Users/tanigashirayuta/Desktop/git/git_challenge/.git/
tanigashirayuta@tanigashirayuutanoMacBook-Air git_challenge % echo "Hello, world!" >> hello_world.txt
dquote> 
tanigashirayuta@tanigashirayuutanoMacBook-Air git_challenge % echo 'Hello, world' >> hello_world.txt
tanigashirayuta@tanigashirayuutanoMacBook-Air git_challenge % git add hello_world.txt
tanigashirayuta@tanigashirayuutanoMacBook-Air git_challenge % git commit -m "hello_worldを追加"
[main (root-commit) 4c71d4f] hello_worldを追加
 1 file changed, 1 insertion(+)
 create mode 100644 hello_world.txt
tanigashirayuta@tanigashirayuutanoMacBook-Air git_challenge % echo 'こんにちは、世界！' >> hello_world.txt
tanigashirayuta@tanigashirayuutanoMacBook-Air git_challenge % git commit -m "日 本語訳を追記"
[main e1c090b] 日本語訳を追記
 1 file changed, 1 insertion(+)
tanigashirayuta@tanigashirayuutanoMacBook-Air git_challenge % git log --oneline
e1c090b (HEAD -> main) 日本語訳を追記
4c71d4f hello_worldを追加
